// Jest Snapshot v1, https://goo.gl/fbAQLP

exports[`Example: Example: Editable block should be available 1`] = `
"<!-- wp:gutenberg-examples/example-03-editable -->
<p class=\\"wp-block-gutenberg-examples-example-03-editable\\"></p>
<!-- /wp:gutenberg-examples/example-03-editable -->"
`;
