// Jest Snapshot v1, https://goo.gl/fbAQLP

exports[`Example: Example: Inner Blocks block should be available 1`] = `
"<!-- wp:gutenberg-examples/example-06 -->
<div class=\\"wp-block-gutenberg-examples-example-06\\"></div>
<!-- /wp:gutenberg-examples/example-06 -->"
`;
